 cpp_test

 Timestamp is 46edd6fc (Mon Sep 17 10:23:08 2007)

 Preferred load address is 00400000

 Start         Length     Name                   Class
 0001:00000000 00010000H .textbss                DATA
 0002:00000000 000034a5H .text                   CODE
 0003:00000000 00000104H .CRT$XCA                DATA
 0003:00000104 00000104H .CRT$XCAA               DATA
 0003:00000208 00000104H .CRT$XCZ                DATA
 0003:0000030c 00000104H .CRT$XIA                DATA
 0003:00000410 00000104H .CRT$XIAA               DATA
 0003:00000514 00000104H .CRT$XIZ                DATA
 0003:00000620 00000cecH .rdata                  DATA
 0003:0000130c 00000191H .rdata$debug            DATA
 0003:000014a0 00000104H .rtc$IAA                DATA
 0003:000015a4 00000104H .rtc$IMZ                DATA
 0003:000016a8 00000104H .rtc$IZZ                DATA
 0003:000017ac 00000104H .rtc$TAA                DATA
 0003:000018b0 00000104H .rtc$TMZ                DATA
 0003:000019b4 00000104H .rtc$TZZ                DATA
 0003:00001ab8 000001b1H .xdata$x                DATA
 0003:00001c69 00000000H .edata                  DATA
 0004:00000000 00000185H .data                   DATA
 0004:00000188 00000454H .bss                    DATA
 0005:00000000 00000028H .idata$2                DATA
 0005:00000028 00000014H .idata$3                DATA
 0005:0000003c 0000015cH .idata$4                DATA
 0005:00000198 0000015cH .idata$5                DATA
 0005:000002f4 00000536H .idata$6                DATA

  Address         Publics by Value              Rva+Base       Lib:Object

 0000:00000000       ___safe_se_handler_table   00000000     <absolute>
 0000:00000000       ___safe_se_handler_count   00000000     <absolute>
 0000:00000000       __except_list              00000000     <absolute>
 0000:00009876       __ldused                   00009876     <absolute>
 0000:00009876       __fltused                  00009876     <absolute>
 0000:00000000       ___ImageBase               00400000     <linker-defined>
 0001:00000000       __enc$textbss$begin        00401000     <linker-defined>
 0001:00010000       __enc$textbss$end          00411000     <linker-defined>
 0002:00000390       _main                      00411390 f   test.obj
 0002:00000430       ?Function@Test@@QAEHHM@Z   00411430 f i test.obj
 0002:00000470       __RTC_CheckEsp             00411470 f   MSVCRTD:stack.obj
 0002:000004a0       @_RTC_CheckStackVars@8     004114a0 f   MSVCRTD:stack.obj
 0002:00000520       @_RTC_AllocaHelper@12      00411520 f   MSVCRTD:stack.obj
 0002:00000560       @_RTC_CheckStackVars2@12   00411560 f   MSVCRTD:stack.obj
 0002:00000670       __RTC_InitBase             00411670 f   MSVCRTD:init.obj
 0002:000006b0       __RTC_Shutdown             004116b0 f   MSVCRTD:init.obj
 0002:00000800       _mainCRTStartup            00411800 f   MSVCRTD:crtexe.obj
 0002:00000b00       _NtCurrentTeb              00411b00 f i MSVCRTD:crtexe.obj
 0002:00000bf0       _DebuggerKnownHandle       00411bf0 f   MSVCRTD:error.obj
 0002:00000cc0       ?_RTC_Failure@@YAXPAXH@Z   00411cc0 f   MSVCRTD:error.obj
 0002:000010c0       ?_RTC_StackFailure@@YAXPAXPBD@Z 004120c0 f   MSVCRTD:error.obj
 0002:00001230       ?_RTC_AllocaFailure@@YAXPAXPAU_RTC_ALLOCA_NODE@@H@Z 00412230 f   MSVCRTD:error.obj
 0002:00001440       __RTC_UninitUse            00412440 f   MSVCRTD:error.obj
 0002:00001590       __RTC_NumErrors            00412590 f   MSVCRTD:userapi.obj
 0002:000015a0       __RTC_GetErrDesc           004125a0 f   MSVCRTD:userapi.obj
 0002:000015c0       __RTC_SetErrorType         004125c0 f   MSVCRTD:userapi.obj
 0002:000015f0       __RTC_SetErrorFunc         004125f0 f   MSVCRTD:userapi.obj
 0002:00001620       __RTC_SetErrorFuncW        00412620 f   MSVCRTD:userapi.obj
 0002:00001650       ?_RTC_GetErrorFunc@@YAP6AHHPBDH00ZZPBX@Z 00412650 f   MSVCRTD:userapi.obj
 0002:00001660       ?_RTC_GetErrorFuncW@@YAP6AHHPB_WH00ZZPBX@Z 00412660 f   MSVCRTD:userapi.obj
 0002:00001666       __CRT_RTC_INITW            00412666 f   MSVCRTD:MSVCR80D.dll
 0002:0000166c       __configthreadlocale       0041266c f   MSVCRTD:MSVCR80D.dll
 0002:00001680       __setdefaultprecision      00412680 f   MSVCRTD:fp8.obj
 0002:000016d0       __invoke_watson_if_error   004126d0 f i MSVCRTD:fp8.obj
 0002:00001704       ___setusermatherr          00412704 f   MSVCRTD:MSVCR80D.dll
 0002:00001710       __matherr                  00412710 f   MSVCRTD:merr.obj
 0002:00001720       __setargv                  00412720 f   MSVCRTD:dllargv.obj
 0002:00001730       __RTC_Initialize           00412730 f   MSVCRTD:initsect.obj
 0002:00001760       __RTC_Terminate            00412760 f   MSVCRTD:initsect.obj
 0002:0000178e       ___p__commode              0041278e f   MSVCRTD:MSVCR80D.dll
 0002:00001794       ___p__fmode                00412794 f   MSVCRTD:MSVCR80D.dll
 0002:000017a0       __onexit                   004127a0 f   MSVCRTD:atonexit.obj
 0002:000018e0       _atexit                    004128e0 f   MSVCRTD:atonexit.obj
 0002:00001900       __encode_pointer           00412900 f   MSVCRTD:MSVCR80D.dll
 0002:00001906       ___set_app_type            00412906 f   MSVCRTD:MSVCR80D.dll
 0002:0000190c       __amsg_exit                0041290c f   MSVCRTD:MSVCR80D.dll
 0002:00001912       ___getmainargs             00412912 f   MSVCRTD:MSVCR80D.dll
 0002:00001920       ___security_init_cookie    00412920 f   MSVCRTD:gs_support.obj
 0002:00001a80       __exit                     00412a80 f   MSVCRTD:MSVCR80D.dll
 0002:00001a86       __XcptFilter               00412a86 f   MSVCRTD:MSVCR80D.dll
 0002:00001a8c       __cexit                    00412a8c f   MSVCRTD:MSVCR80D.dll
 0002:00001a92       _exit                      00412a92 f   MSVCRTD:MSVCR80D.dll
 0002:00001a98       __CrtSetCheckCount         00412a98 f   MSVCRTD:MSVCR80D.dll
 0002:00001aa0       __ValidateImageBase        00412aa0 f   MSVCRTD:pesect.obj
 0002:00001b20       __FindPESection            00412b20 f   MSVCRTD:pesect.obj
 0002:00001bb0       __IsNonwritableInCurrentImage 00412bb0 f   MSVCRTD:pesect.obj
 0002:00001d04       __CrtDbgReportW            00412d04 f   MSVCRTD:MSVCR80D.dll
 0002:00001d0a       __initterm                 00412d0a f   MSVCRTD:MSVCR80D.dll
 0002:00001d10       __initterm_e               00412d10 f   MSVCRTD:MSVCR80D.dll
 0002:00001d20       __except_handler4          00412d20 f   MSVCRTD:chandler4gs.obj
 0002:00001d50       ?_RTC_GetSrcLine@@YAHPAEPA_WKPAH1K@Z 00412d50 f   MSVCRTD:pdblkup.obj
 0002:00002300       @__security_check_cookie@4 00413300 f   MSVCRTD:secchk.obj
 0002:00002312       __controlfp_s              00413312 f   MSVCRTD:MSVCR80D.dll
 0002:00002318       __invoke_watson            00413318 f   MSVCRTD:MSVCR80D.dll
 0002:0000231e       __unlock                   0041331e f   MSVCRTD:MSVCR80D.dll
 0002:00002324       ___dllonexit               00413324 f   MSVCRTD:MSVCR80D.dll
 0002:0000232a       __lock                     0041332a f   MSVCRTD:MSVCR80D.dll
 0002:00002330       __decode_pointer           00413330 f   MSVCRTD:MSVCR80D.dll
 0002:00002336       __except_handler4_common   00413336 f   MSVCRTD:MSVCR80D.dll
 0002:00002340       ___report_gsfailure        00413340 f   MSVCRTD:gs_report.obj
 0002:00002490       __crt_debugger_hook        00413490 f   MSVCRTD:MSVCR80D.dll
 0002:00002496       _InterlockedExchange@8     00413496 f   kernel32:KERNEL32.dll
 0002:0000249c       _Sleep@4                   0041349c f   kernel32:KERNEL32.dll
 0002:000024a2       _InterlockedCompareExchange@12 004134a2 f   kernel32:KERNEL32.dll
 0002:000024a8       _RaiseException@16         004134a8 f   kernel32:KERNEL32.dll
 0002:000024ae       _DebugBreak@0              004134ae f   kernel32:KERNEL32.dll
 0002:000024b4       _WideCharToMultiByte@32    004134b4 f   kernel32:KERNEL32.dll
 0002:000024ba       _IsDebuggerPresent@0       004134ba f   kernel32:KERNEL32.dll
 0002:000024c0       _MultiByteToWideChar@24    004134c0 f   kernel32:KERNEL32.dll
 0002:000024c6       _lstrlenA@4                004134c6 f   kernel32:KERNEL32.dll
 0002:000024cc       _GetProcAddress@8          004134cc f   kernel32:KERNEL32.dll
 0002:000024d2       _LoadLibraryA@4            004134d2 f   kernel32:KERNEL32.dll
 0002:000024d8       _QueryPerformanceCounter@4 004134d8 f   kernel32:KERNEL32.dll
 0002:000024de       _GetTickCount@0            004134de f   kernel32:KERNEL32.dll
 0002:000024e4       _GetCurrentThreadId@0      004134e4 f   kernel32:KERNEL32.dll
 0002:000024ea       _GetCurrentProcessId@0     004134ea f   kernel32:KERNEL32.dll
 0002:000024f0       _GetSystemTimeAsFileTime@4 004134f0 f   kernel32:KERNEL32.dll
 0002:000024f6       _FatalAppExitA@8           004134f6 f   kernel32:KERNEL32.dll
 0002:000024fc       _HeapFree@12               004134fc f   kernel32:KERNEL32.dll
 0002:00002502       _HeapAlloc@12              00413502 f   kernel32:KERNEL32.dll
 0002:00002508       _GetProcessHeap@0          00413508 f   kernel32:KERNEL32.dll
 0002:0000250e       _GetModuleFileNameW@12     0041350e f   kernel32:KERNEL32.dll
 0002:00002514       _VirtualQuery@12           00413514 f   kernel32:KERNEL32.dll
 0002:0000251a       _FreeLibrary@4             0041351a f   kernel32:KERNEL32.dll
 0002:00002520       _TerminateProcess@8        00413520 f   kernel32:KERNEL32.dll
 0002:00002526       _GetCurrentProcess@0       00413526 f   kernel32:KERNEL32.dll
 0002:0000252c       _UnhandledExceptionFilter@4 0041352c f   kernel32:KERNEL32.dll
 0002:00002532       _SetUnhandledExceptionFilter@4 00413532 f   kernel32:KERNEL32.dll
 0003:00000000       ___xc_a                    00415000     MSVCRTD:cinitexe.obj
 0003:00000208       ___xc_z                    00415208     MSVCRTD:cinitexe.obj
 0003:0000030c       ___xi_a                    0041530c     MSVCRTD:cinitexe.obj
 0003:00000514       ___xi_z                    00415514     MSVCRTD:cinitexe.obj
 0003:0000063c       ??_C@_0P@GHFPNOJB@bad?5allocation?$AA@ 0041563c     test.obj
 0003:00000650       ?collate@?$_Locbase@H@std@@2HB 00415650     test.obj
 0003:00000654       ?ctype@?$_Locbase@H@std@@2HB 00415654     test.obj
 0003:00000658       ?monetary@?$_Locbase@H@std@@2HB 00415658     test.obj
 0003:0000065c       ?numeric@?$_Locbase@H@std@@2HB 0041565c     test.obj
 0003:00000660       ?time@?$_Locbase@H@std@@2HB 00415660     test.obj
 0003:00000664       ?messages@?$_Locbase@H@std@@2HB 00415664     test.obj
 0003:00000668       ?all@?$_Locbase@H@std@@2HB 00415668     test.obj
 0003:0000066c       ?none@?$_Locbase@H@std@@2HB 0041566c     test.obj
 0003:00000670       ?skipws@?$_Iosb@H@std@@2W4_Fmtflags@12@B 00415670     test.obj
 0003:00000674       ?unitbuf@?$_Iosb@H@std@@2W4_Fmtflags@12@B 00415674     test.obj
 0003:00000678       ?uppercase@?$_Iosb@H@std@@2W4_Fmtflags@12@B 00415678     test.obj
 0003:0000067c       ?showbase@?$_Iosb@H@std@@2W4_Fmtflags@12@B 0041567c     test.obj
 0003:00000680       ?showpoint@?$_Iosb@H@std@@2W4_Fmtflags@12@B 00415680     test.obj
 0003:00000684       ?showpos@?$_Iosb@H@std@@2W4_Fmtflags@12@B 00415684     test.obj
 0003:00000688       ?left@?$_Iosb@H@std@@2W4_Fmtflags@12@B 00415688     test.obj
 0003:0000068c       ?right@?$_Iosb@H@std@@2W4_Fmtflags@12@B 0041568c     test.obj
 0003:00000690       ?internal@?$_Iosb@H@std@@2W4_Fmtflags@12@B 00415690     test.obj
 0003:00000694       ?dec@?$_Iosb@H@std@@2W4_Fmtflags@12@B 00415694     test.obj
 0003:00000698       ?oct@?$_Iosb@H@std@@2W4_Fmtflags@12@B 00415698     test.obj
 0003:0000069c       ?hex@?$_Iosb@H@std@@2W4_Fmtflags@12@B 0041569c     test.obj
 0003:000006a0       ?scientific@?$_Iosb@H@std@@2W4_Fmtflags@12@B 004156a0     test.obj
 0003:000006a4       ?fixed@?$_Iosb@H@std@@2W4_Fmtflags@12@B 004156a4     test.obj
 0003:000006a8       ?boolalpha@?$_Iosb@H@std@@2W4_Fmtflags@12@B 004156a8     test.obj
 0003:000006ac       ?_Stdio@?$_Iosb@H@std@@2W4_Fmtflags@12@B 004156ac     test.obj
 0003:000006b0       ?adjustfield@?$_Iosb@H@std@@2W4_Fmtflags@12@B 004156b0     test.obj
 0003:000006b4       ?basefield@?$_Iosb@H@std@@2W4_Fmtflags@12@B 004156b4     test.obj
 0003:000006b8       ?floatfield@?$_Iosb@H@std@@2W4_Fmtflags@12@B 004156b8     test.obj
 0003:000006bc       ?goodbit@?$_Iosb@H@std@@2W4_Iostate@12@B 004156bc     test.obj
 0003:000006c0       ?eofbit@?$_Iosb@H@std@@2W4_Iostate@12@B 004156c0     test.obj
 0003:000006c4       ?failbit@?$_Iosb@H@std@@2W4_Iostate@12@B 004156c4     test.obj
 0003:000006c8       ?badbit@?$_Iosb@H@std@@2W4_Iostate@12@B 004156c8     test.obj
 0003:000006cc       ?_Hardfail@?$_Iosb@H@std@@2W4_Iostate@12@B 004156cc     test.obj
 0003:000006d0       ?in@?$_Iosb@H@std@@2W4_Openmode@12@B 004156d0     test.obj
 0003:000006d4       ?out@?$_Iosb@H@std@@2W4_Openmode@12@B 004156d4     test.obj
 0003:000006d8       ?ate@?$_Iosb@H@std@@2W4_Openmode@12@B 004156d8     test.obj
 0003:000006dc       ?app@?$_Iosb@H@std@@2W4_Openmode@12@B 004156dc     test.obj
 0003:000006e0       ?trunc@?$_Iosb@H@std@@2W4_Openmode@12@B 004156e0     test.obj
 0003:000006e4       ?_Nocreate@?$_Iosb@H@std@@2W4_Openmode@12@B 004156e4     test.obj
 0003:000006e8       ?_Noreplace@?$_Iosb@H@std@@2W4_Openmode@12@B 004156e8     test.obj
 0003:000006ec       ?binary@?$_Iosb@H@std@@2W4_Openmode@12@B 004156ec     test.obj
 0003:000006f0       ?beg@?$_Iosb@H@std@@2W4_Seekdir@12@B 004156f0     test.obj
 0003:000006f4       ?cur@?$_Iosb@H@std@@2W4_Seekdir@12@B 004156f4     test.obj
 0003:000006f8       ?end@?$_Iosb@H@std@@2W4_Seekdir@12@B 004156f8     test.obj
 0003:000006fc       __real@41a00000            004156fc     test.obj
 0003:00000700       ??_C@_1BC@OHPNMDKE@?$AAc?$AAr?$AAt?$AAe?$AAx?$AAe?$AA?4?$AAc?$AA?$AA@ 00415700     MSVCRTD:crtexe.obj
 0003:00000718       ??_C@_1FA@DALEHHGL@?$AA_?$AA_?$AAn?$AAa?$AAt?$AAi?$AAv?$AAe?$AA_?$AAs?$AAt?$AAa?$AAr?$AAt?$AAu?$AAp?$AA_?$AAs?$AAt?$AAa?$AAt?$AAe?$AA?5?$AA?$DN?$AA?$DN?$AA?5?$AA_?$AA_?$AAi?$AAn?$AAi?$AAt@ 00415718     MSVCRTD:crtexe.obj
 0003:00000778       ??_C@_0BO@GNIAFIKK@Unknown?5Runtime?5Check?5Error?6?$AN?$AA@ 00415778     MSVCRTD:error.obj
 0003:0000079c       ??_C@_0CM@NGINOKPC@Stack?5memory?5around?5_alloca?5was?5@ 0041579c     MSVCRTD:error.obj
 0003:000007d0       ??_C@_0DG@HKJMLLLP@A?5local?5variable?5was?5used?5before@ 004157d0     MSVCRTD:error.obj
 0003:00000810       ??_C@_0BN@FFOINMNJ@Stack?5memory?5was?5corrupted?6?$AN?$AA@ 00415810     MSVCRTD:error.obj
 0003:00000838       ??_C@_0BBN@GPMLNJCF@A?5cast?5to?5a?5smaller?5data?5type?5ha@ 00415838     MSVCRTD:error.obj
 0003:00000990       ??_C@_0NN@NGPKDKPD@The?5value?5of?5ESP?5was?5not?5properl@ 00415990     MSVCRTD:error.obj
 0003:00000b34       ??_C@_0CA@IODNCDPG@Run?9Time?5Check?5Failure?5?$CD?$CFd?5?9?5?$CFs?$AA@ 00415b34     MSVCRTD:error.obj
 0003:00000b5c       ??_C@_0BE@GNBOBNCK@Unknown?5Module?5Name?$AA@ 00415b5c     MSVCRTD:error.obj
 0003:00000b74       ??_C@_0BB@PFFGGCJP@Unknown?5Filename?$AA@ 00415b74     MSVCRTD:error.obj
 0003:00000b88       ??_C@_1EA@NFKNIFJP@?$AAR?$AAu?$AAn?$AA?9?$AAT?$AAi?$AAm?$AAe?$AA?5?$AAC?$AAh?$AAe?$AAc?$AAk?$AA?5?$AAF?$AAa?$AAi?$AAl?$AAu?$AAr?$AAe?$AA?5?$AA?$CD?$AA?$CF?$AAd?$AA?5?$AA?9?$AA?5?$AA?$CF?$AAs?$AA?$AA@ 00415b88     MSVCRTD:error.obj
 0003:00000bd8       ??_C@_1GM@OLMCBDMB@?$AAR?$AAu?$AAn?$AAt?$AAi?$AAm?$AAe?$AA?5?$AAC?$AAh?$AAe?$AAc?$AAk?$AA?5?$AAE?$AAr?$AAr?$AAo?$AAr?$AA?4?$AA?6?$AA?$AN?$AA?5?$AAU?$AAn?$AAa?$AAb?$AAl?$AAe?$AA?5?$AAt?$AAo@ 00415bd8     MSVCRTD:error.obj
 0003:00000c5c       ??_C@_0CG@IAFNJNEE@Stack?5corrupted?5near?5unknown?5var@ 00415c5c     MSVCRTD:error.obj
 0003:00000c90       ??_C@_0EJ@LJKNEOLN@Stack?5area?5around?5_alloca?5memory@ 00415c90     MSVCRTD:error.obj
 0003:00000ce8       ??_C@_08KJEDNCKC@?$CFs?$CFs?$CFs?$CFs?$AA@ 00415ce8     MSVCRTD:error.obj
 0003:00000cf4       ??_C@_02LLMPMKNF@?$DO?5?$AA@ 00415cf4     MSVCRTD:error.obj
 0003:00000cf8       ??_C@_01EEMJAFIK@?6?$AA@   00415cf8     MSVCRTD:error.obj
 0003:00000cfc       ??_C@_0BC@KIBAILCI@?$CFs?$CFs?$CFp?$CFs?$CFld?$CFs?$CFd?$CFs?$AA@ 00415cfc     MSVCRTD:error.obj
 0003:00000d18       ??_C@_0EI@CLEPFNGI@Stack?5area?5around?5_alloca?5memory@ 00415d18     MSVCRTD:error.obj
 0003:00000d70       ??_C@_0N@MHFFIMFG@?6Address?3?50x?$AA@ 00415d70     MSVCRTD:error.obj
 0003:00000d80       ??_C@_07DFDJCKFN@?6Size?3?5?$AA@ 00415d80     MSVCRTD:error.obj
 0003:00000d8c       ??_C@_0CK@DKGBICFE@?6Allocation?5number?5within?5this?5f@ 00415d8c     MSVCRTD:error.obj
 0003:00000dc0       ??_C@_08OMAHNMHJ@?6Data?3?5?$DM?$AA@ 00415dc0     MSVCRTD:error.obj
 0003:00000dcc       ??_C@_09FOPFMPEJ@wsprintfA?$AA@ 00415dcc     MSVCRTD:error.obj
 0003:00000dd8       ??_C@_0L@GMPLCCII@user32?4dll?$AA@ 00415dd8     MSVCRTD:error.obj
 0003:00000de8       ??_C@_05MKKEDADM@?$CF?42X?5?$AA@ 00415de8     MSVCRTD:error.obj
 0003:00000df0       ??_C@_0DA@BEGFPCGG@A?5variable?5is?5being?5used?5without@ 00415df0     MSVCRTD:error.obj
 0003:00000e2c       ??_C@_0BP@OGBCLIBO@Stack?5around?5_alloca?5corrupted?$AA@ 00415e2c     MSVCRTD:userapi.obj
 0003:00000e54       ??_C@_0CK@CNLNOEPB@Local?5variable?5used?5before?5initi@ 00415e54     MSVCRTD:userapi.obj
 0003:00000e88       ??_C@_0BI@CIGMDCBH@Stack?5memory?5corruption?$AA@ 00415e88     MSVCRTD:userapi.obj
 0003:00000ea4       ??_C@_0CK@FEGOIOPB@Cast?5to?5smaller?5type?5causing?5los@ 00415ea4     MSVCRTD:userapi.obj
 0003:00000ed8       ??_C@_0BJ@HEGAHDFO@Stack?5pointer?5corruption?$AA@ 00415ed8     MSVCRTD:userapi.obj
 0003:00000ef8       ??_C@_1GE@KOCFNGPB@?$AA_?$AAc?$AAo?$AAn?$AAt?$AAr?$AAo?$AAl?$AAf?$AAp?$AA_?$AAs?$AA?$CI?$AA?$CI?$AA?$CI?$AAv?$AAo?$AAi?$AAd?$AA?5?$AA?$CK?$AA?$CJ?$AA0?$AA?$CJ?$AA?0?$AA?5?$AA0?$AAx?$AA0?$AA0?$AA0?$AA1@ 00415ef8     MSVCRTD:fp8.obj
 0003:00000f70       ??_C@_1CK@JMKHCBEI@?$AA_?$AAs?$AAe?$AAt?$AAd?$AAe?$AAf?$AAa?$AAu?$AAl?$AAt?$AAp?$AAr?$AAe?$AAc?$AAi?$AAs?$AAi?$AAo?$AAn?$AA?$AA@ 00415f70     MSVCRTD:fp8.obj
 0003:00000fa4       ??_C@_1BI@DMMHIADH@?$AAi?$AAn?$AAt?$AAe?$AAl?$AA?2?$AAf?$AAp?$AA8?$AA?4?$AAc?$AA?$AA@ 00415fa4     MSVCRTD:fp8.obj
 0003:00000fc0       ?ProcessDetach@NativeDll@<CrtImplementationDetails>@@0IB 00415fc0     MSVCRTD:initsect.obj
 0003:00000fc4       ?ProcessAttach@NativeDll@<CrtImplementationDetails>@@0IB 00415fc4     MSVCRTD:initsect.obj
 0003:00000fc8       ?ThreadAttach@NativeDll@<CrtImplementationDetails>@@0IB 00415fc8     MSVCRTD:initsect.obj
 0003:00000fcc       ?ThreadDetach@NativeDll@<CrtImplementationDetails>@@0IB 00415fcc     MSVCRTD:initsect.obj
 0003:00000fd0       ?ProcessVerifier@NativeDll@<CrtImplementationDetails>@@0IB 00415fd0     MSVCRTD:initsect.obj
 0003:00000fd8       ??_C@_0OH@IHEJDJAH@Microsoft?5Visual?5C?$CL?$CL?5Runtime?5Lib@ 00415fd8     MSVCRTD:gs_support.obj
 0003:000010f0       ??_C@_0M@EKFFODEC@MSPDB80?4DLL?$AA@ 004160f0     MSVCRTD:pdblkup.obj
 0003:00001100       ??_C@_01KDCPPGHE@r?$AA@    00416100     MSVCRTD:pdblkup.obj
 0003:00001104       ??_C@_0BB@KCIACLNC@PDBOpenValidate5?$AA@ 00416104     MSVCRTD:pdblkup.obj
 0003:00001118       ??_C@_0BF@BMIHBHCA@EnvironmentDirectory?$AA@ 00416118     MSVCRTD:pdblkup.obj
 0003:00001134       ??_C@_0CN@EAEOKKOC@SOFTWARE?2Microsoft?2VisualStudio?2@ 00416134     MSVCRTD:pdblkup.obj
 0003:0000116c       ??_C@_0M@HLOHPNFA@RegCloseKey?$AA@ 0041616c     MSVCRTD:pdblkup.obj
 0003:0000117c       ??_C@_0BB@HHEIPGME@RegQueryValueExA?$AA@ 0041617c     MSVCRTD:pdblkup.obj
 0003:00001190       ??_C@_0O@DCOGKJGG@RegOpenKeyExA?$AA@ 00416190     MSVCRTD:pdblkup.obj
 0003:000011a0       ??_C@_0N@JJPEKNFO@ADVAPI32?4DLL?$AA@ 004161a0     MSVCRTD:pdblkup.obj
 0003:000014a0       ___rtc_iaa                 004164a0     MSVCRTD:initsect.obj
 0003:000016a8       ___rtc_izz                 004166a8     MSVCRTD:initsect.obj
 0003:000017ac       ___rtc_taa                 004167ac     MSVCRTD:initsect.obj
 0003:000019b4       ___rtc_tzz                 004169b4     MSVCRTD:initsect.obj
 0004:00000010       ?_RTC_ErrorLevels@@3PAHA   00417010     MSVCRTD:error.obj
 0004:0000005c       ___globallocalestatus      0041705c     MSVCRTD:xthdloc.obj
 0004:00000060       ___defaultmatherr          00417060     MSVCRTD:merr.obj
 0004:00000064       ___native_dllmain_reason   00417064     MSVCRTD:natstart.obj
 0004:00000068       ___native_vcclrit_reason   00417068     MSVCRTD:natstart.obj
 0004:00000070       ___security_cookie         00417070     MSVCRTD:gs_cookie.obj
 0004:00000074       ___security_cookie_complement 00417074     MSVCRTD:gs_cookie.obj
 0004:000001b4       ?wsprintffp@@3P6AHPADPBDZZA 004171b4     MSVCRTD:error.obj
 0004:000001c4       __commode                  004171c4     MSVCRTD:xncommod.obj
 0004:000001c8       __fmode                    004171c8     MSVCRTD:xtxtmode.obj
 0004:000001cc       __dowildcard               004171cc     MSVCRTD:wildcard.obj
 0004:000001d0       __newmode                  004171d0     MSVCRTD:_newmode.obj
 0004:000005a4       ___native_startup_state    004175a4     <common>
 0004:000005b4       ___native_startup_lock     004175b4     <common>
 0004:000005b8       ___onexitend               004175b8     <common>
 0004:000005c8       ___onexitbegin             004175c8     <common>
 0004:000005cc       __adjust_fdiv              004175cc     <common>
 0004:000005d8       ___dyn_tls_init_callback   004175d8     <common>
 0005:00000000       __IMPORT_DESCRIPTOR_MSVCR80D 00418000     MSVCRTD:MSVCR80D.dll
 0005:00000014       __IMPORT_DESCRIPTOR_KERNEL32 00418014     kernel32:KERNEL32.dll
 0005:00000028       __NULL_IMPORT_DESCRIPTOR   00418028     MSVCRTD:MSVCR80D.dll
 0005:00000198       __imp__UnhandledExceptionFilter@4 00418198     kernel32:KERNEL32.dll
 0005:0000019c       __imp__GetCurrentProcess@0 0041819c     kernel32:KERNEL32.dll
 0005:000001a0       __imp__TerminateProcess@8  004181a0     kernel32:KERNEL32.dll
 0005:000001a4       __imp__FreeLibrary@4       004181a4     kernel32:KERNEL32.dll
 0005:000001a8       __imp__VirtualQuery@12     004181a8     kernel32:KERNEL32.dll
 0005:000001ac       __imp__GetModuleFileNameW@12 004181ac     kernel32:KERNEL32.dll
 0005:000001b0       __imp__GetProcessHeap@0    004181b0     kernel32:KERNEL32.dll
 0005:000001b4       __imp__HeapAlloc@12        004181b4     kernel32:KERNEL32.dll
 0005:000001b8       __imp__HeapFree@12         004181b8     kernel32:KERNEL32.dll
 0005:000001bc       __imp__FatalAppExitA@8     004181bc     kernel32:KERNEL32.dll
 0005:000001c0       __imp__GetSystemTimeAsFileTime@4 004181c0     kernel32:KERNEL32.dll
 0005:000001c4       __imp__GetCurrentProcessId@0 004181c4     kernel32:KERNEL32.dll
 0005:000001c8       __imp__GetCurrentThreadId@0 004181c8     kernel32:KERNEL32.dll
 0005:000001cc       __imp__GetTickCount@0      004181cc     kernel32:KERNEL32.dll
 0005:000001d0       __imp__QueryPerformanceCounter@4 004181d0     kernel32:KERNEL32.dll
 0005:000001d4       __imp__LoadLibraryA@4      004181d4     kernel32:KERNEL32.dll
 0005:000001d8       __imp__GetProcAddress@8    004181d8     kernel32:KERNEL32.dll
 0005:000001dc       __imp__lstrlenA@4          004181dc     kernel32:KERNEL32.dll
 0005:000001e0       __imp__MultiByteToWideChar@24 004181e0     kernel32:KERNEL32.dll
 0005:000001e4       __imp__IsDebuggerPresent@0 004181e4     kernel32:KERNEL32.dll
 0005:000001e8       __imp__WideCharToMultiByte@32 004181e8     kernel32:KERNEL32.dll
 0005:000001ec       __imp__DebugBreak@0        004181ec     kernel32:KERNEL32.dll
 0005:000001f0       __imp__RaiseException@16   004181f0     kernel32:KERNEL32.dll
 0005:000001f4       __imp__InterlockedCompareExchange@12 004181f4     kernel32:KERNEL32.dll
 0005:000001f8       __imp__Sleep@4             004181f8     kernel32:KERNEL32.dll
 0005:000001fc       __imp__InterlockedExchange@8 004181fc     kernel32:KERNEL32.dll
 0005:00000200       __imp__SetUnhandledExceptionFilter@4 00418200     kernel32:KERNEL32.dll
 0005:00000204       \177KERNEL32_NULL_THUNK_DATA 00418204     kernel32:KERNEL32.dll
 0005:00000244       __imp___except_handler4_common 00418244     MSVCRTD:MSVCR80D.dll
 0005:00000248       __imp___decode_pointer     00418248     MSVCRTD:MSVCR80D.dll
 0005:0000024c       __imp___onexit             0041824c     MSVCRTD:MSVCR80D.dll
 0005:00000250       __imp___lock               00418250     MSVCRTD:MSVCR80D.dll
 0005:00000254       __imp____dllonexit         00418254     MSVCRTD:MSVCR80D.dll
 0005:00000258       __imp___unlock             00418258     MSVCRTD:MSVCR80D.dll
 0005:0000025c       __imp___invoke_watson      0041825c     MSVCRTD:MSVCR80D.dll
 0005:00000260       __imp___controlfp_s        00418260     MSVCRTD:MSVCR80D.dll
 0005:00000264       __imp___initterm_e         00418264     MSVCRTD:MSVCR80D.dll
 0005:00000268       __imp___initterm           00418268     MSVCRTD:MSVCR80D.dll
 0005:0000026c       __imp___CrtDbgReportW      0041826c     MSVCRTD:MSVCR80D.dll
 0005:00000270       __imp___CrtSetCheckCount   00418270     MSVCRTD:MSVCR80D.dll
 0005:00000274       __imp____initenv           00418274     MSVCRTD:MSVCR80D.dll
 0005:00000278       __imp__exit                00418278     MSVCRTD:MSVCR80D.dll
 0005:0000027c       __imp___cexit              0041827c     MSVCRTD:MSVCR80D.dll
 0005:00000280       __imp___XcptFilter         00418280     MSVCRTD:MSVCR80D.dll
 0005:00000284       __imp___exit               00418284     MSVCRTD:MSVCR80D.dll
 0005:00000288       __imp____getmainargs       00418288     MSVCRTD:MSVCR80D.dll
 0005:0000028c       __imp___amsg_exit          0041828c     MSVCRTD:MSVCR80D.dll
 0005:00000290       __imp____set_app_type      00418290     MSVCRTD:MSVCR80D.dll
 0005:00000294       __imp___encode_pointer     00418294     MSVCRTD:MSVCR80D.dll
 0005:00000298       __imp____p__fmode          00418298     MSVCRTD:MSVCR80D.dll
 0005:0000029c       __imp____p__commode        0041829c     MSVCRTD:MSVCR80D.dll
 0005:000002a0       __imp___adjust_fdiv        004182a0     MSVCRTD:MSVCR80D.dll
 0005:000002a4       __imp____setusermatherr    004182a4     MSVCRTD:MSVCR80D.dll
 0005:000002a8       __imp___configthreadlocale 004182a8     MSVCRTD:MSVCR80D.dll
 0005:000002ac       __imp___crt_debugger_hook  004182ac     MSVCRTD:MSVCR80D.dll
 0005:000002b0       __imp___CRT_RTC_INITW      004182b0     MSVCRTD:MSVCR80D.dll
 0005:000002b4       \177MSVCR80D_NULL_THUNK_DATA 004182b4     MSVCRTD:MSVCR80D.dll

 entry point at        0002:00000113

