 cpp_test

 Timestamp is 46edd689 (Mon Sep 17 10:21:13 2007)

 Preferred load address is 00400000

 Start         Length     Name                   Class
 0001:00000000 00010000H .textbss                DATA
 0002:00000000 000031e0H .text                   CODE
 0003:00000000 00000104H .CRT$XCA                DATA
 0003:00000104 00000104H .CRT$XCAA               DATA
 0003:00000208 00000104H .CRT$XCZ                DATA
 0003:0000030c 00000104H .CRT$XIA                DATA
 0003:00000410 00000104H .CRT$XIAA               DATA
 0003:00000514 00000104H .CRT$XIZ                DATA
 0003:00000620 00000cf1H .rdata                  DATA
 0003:00001314 00000191H .rdata$debug            DATA
 0003:000014a8 00000104H .rtc$IAA                DATA
 0003:000015ac 00000104H .rtc$IMZ                DATA
 0003:000016b0 00000104H .rtc$IZZ                DATA
 0003:000017b4 00000104H .rtc$TAA                DATA
 0003:000018b8 00000104H .rtc$TMZ                DATA
 0003:000019bc 00000104H .rtc$TZZ                DATA
 0003:00001ac0 000001b1H .xdata$x                DATA
 0003:00001c71 00000000H .edata                  DATA
 0004:00000000 00000176H .data                   DATA
 0004:00000178 00000454H .bss                    DATA
 0005:00000000 00000028H .idata$2                DATA
 0005:00000028 00000014H .idata$3                DATA
 0005:0000003c 0000015cH .idata$4                DATA
 0005:00000198 0000015cH .idata$5                DATA
 0005:000002f4 00000536H .idata$6                DATA

  Address         Publics by Value              Rva+Base       Lib:Object

 0000:00000000       ___safe_se_handler_table   00000000     <absolute>
 0000:00000000       ___safe_se_handler_count   00000000     <absolute>
 0000:00000000       ___ImageBase               00400000     <linker-defined>
 0001:00000000       __enc$textbss$begin        00401000     <linker-defined>
 0001:00010000       __enc$textbss$end          00411000     <linker-defined>
 0002:00000360       _main                      00411360 f   test.obj
 0002:00000390       __RTC_InitBase             00411390 f   MSVCRTD:init.obj
 0002:000003d0       __RTC_Shutdown             004113d0 f   MSVCRTD:init.obj
 0002:00000520       _mainCRTStartup            00411520 f   MSVCRTD:crtexe.obj
 0002:00000820       _NtCurrentTeb              00411820 f i MSVCRTD:crtexe.obj
 0002:00000910       __RTC_NumErrors            00411910 f   MSVCRTD:userapi.obj
 0002:00000920       __RTC_GetErrDesc           00411920 f   MSVCRTD:userapi.obj
 0002:00000940       __RTC_SetErrorType         00411940 f   MSVCRTD:userapi.obj
 0002:00000970       __RTC_SetErrorFunc         00411970 f   MSVCRTD:userapi.obj
 0002:000009a0       __RTC_SetErrorFuncW        004119a0 f   MSVCRTD:userapi.obj
 0002:000009d0       ?_RTC_GetErrorFunc@@YAP6AHHPBDH00ZZPBX@Z 004119d0 f   MSVCRTD:userapi.obj
 0002:000009e0       ?_RTC_GetErrorFuncW@@YAP6AHHPB_WH00ZZPBX@Z 004119e0 f   MSVCRTD:userapi.obj
 0002:000009e6       __CRT_RTC_INITW            004119e6 f   MSVCRTD:MSVCR80D.dll
 0002:000009ec       __configthreadlocale       004119ec f   MSVCRTD:MSVCR80D.dll
 0002:00000a00       __setdefaultprecision      00411a00 f   MSVCRTD:fp8.obj
 0002:00000a50       __invoke_watson_if_error   00411a50 f i MSVCRTD:fp8.obj
 0002:00000a84       ___setusermatherr          00411a84 f   MSVCRTD:MSVCR80D.dll
 0002:00000a90       __matherr                  00411a90 f   MSVCRTD:merr.obj
 0002:00000aa0       __setargv                  00411aa0 f   MSVCRTD:dllargv.obj
 0002:00000ab0       __RTC_Initialize           00411ab0 f   MSVCRTD:initsect.obj
 0002:00000ae0       __RTC_Terminate            00411ae0 f   MSVCRTD:initsect.obj
 0002:00000b0e       ___p__commode              00411b0e f   MSVCRTD:MSVCR80D.dll
 0002:00000b14       ___p__fmode                00411b14 f   MSVCRTD:MSVCR80D.dll
 0002:00000b20       __onexit                   00411b20 f   MSVCRTD:atonexit.obj
 0002:00000c60       _atexit                    00411c60 f   MSVCRTD:atonexit.obj
 0002:00000c80       __encode_pointer           00411c80 f   MSVCRTD:MSVCR80D.dll
 0002:00000c86       ___set_app_type            00411c86 f   MSVCRTD:MSVCR80D.dll
 0002:00000c8c       __amsg_exit                00411c8c f   MSVCRTD:MSVCR80D.dll
 0002:00000c92       ___getmainargs             00411c92 f   MSVCRTD:MSVCR80D.dll
 0002:00000ca0       ___security_init_cookie    00411ca0 f   MSVCRTD:gs_support.obj
 0002:00000e00       __exit                     00411e00 f   MSVCRTD:MSVCR80D.dll
 0002:00000e06       __XcptFilter               00411e06 f   MSVCRTD:MSVCR80D.dll
 0002:00000e0c       __cexit                    00411e0c f   MSVCRTD:MSVCR80D.dll
 0002:00000e12       _exit                      00411e12 f   MSVCRTD:MSVCR80D.dll
 0002:00000e18       __CrtSetCheckCount         00411e18 f   MSVCRTD:MSVCR80D.dll
 0002:00000e20       __ValidateImageBase        00411e20 f   MSVCRTD:pesect.obj
 0002:00000ea0       __FindPESection            00411ea0 f   MSVCRTD:pesect.obj
 0002:00000f30       __IsNonwritableInCurrentImage 00411f30 f   MSVCRTD:pesect.obj
 0002:00001084       __CrtDbgReportW            00412084 f   MSVCRTD:MSVCR80D.dll
 0002:0000108a       __initterm                 0041208a f   MSVCRTD:MSVCR80D.dll
 0002:00001090       __initterm_e               00412090 f   MSVCRTD:MSVCR80D.dll
 0002:000010a0       __except_handler4          004120a0 f   MSVCRTD:chandler4gs.obj
 0002:000010d0       _DebuggerKnownHandle       004120d0 f   MSVCRTD:error.obj
 0002:000011a0       ?_RTC_Failure@@YAXPAXH@Z   004121a0 f   MSVCRTD:error.obj
 0002:000015a0       ?_RTC_StackFailure@@YAXPAXPBD@Z 004125a0 f   MSVCRTD:error.obj
 0002:00001710       ?_RTC_AllocaFailure@@YAXPAXPAU_RTC_ALLOCA_NODE@@H@Z 00412710 f   MSVCRTD:error.obj
 0002:00001920       __RTC_UninitUse            00412920 f   MSVCRTD:error.obj
 0002:00001a70       __controlfp_s              00412a70 f   MSVCRTD:MSVCR80D.dll
 0002:00001a76       __invoke_watson            00412a76 f   MSVCRTD:MSVCR80D.dll
 0002:00001a7c       __unlock                   00412a7c f   MSVCRTD:MSVCR80D.dll
 0002:00001a82       ___dllonexit               00412a82 f   MSVCRTD:MSVCR80D.dll
 0002:00001a88       __lock                     00412a88 f   MSVCRTD:MSVCR80D.dll
 0002:00001a8e       __decode_pointer           00412a8e f   MSVCRTD:MSVCR80D.dll
 0002:00001a94       __except_handler4_common   00412a94 f   MSVCRTD:MSVCR80D.dll
 0002:00001aa0       @__security_check_cookie@4 00412aa0 f   MSVCRTD:secchk.obj
 0002:00001ac0       ?_RTC_GetSrcLine@@YAHPAEPA_WKPAH1K@Z 00412ac0 f   MSVCRTD:pdblkup.obj
 0002:00002070       ___report_gsfailure        00413070 f   MSVCRTD:gs_report.obj
 0002:000021c0       __crt_debugger_hook        004131c0 f   MSVCRTD:MSVCR80D.dll
 0002:000021c6       _InterlockedExchange@8     004131c6 f   kernel32:KERNEL32.dll
 0002:000021cc       _Sleep@4                   004131cc f   kernel32:KERNEL32.dll
 0002:000021d2       _InterlockedCompareExchange@12 004131d2 f   kernel32:KERNEL32.dll
 0002:000021d8       _QueryPerformanceCounter@4 004131d8 f   kernel32:KERNEL32.dll
 0002:000021de       _GetTickCount@0            004131de f   kernel32:KERNEL32.dll
 0002:000021e4       _GetCurrentThreadId@0      004131e4 f   kernel32:KERNEL32.dll
 0002:000021ea       _GetCurrentProcessId@0     004131ea f   kernel32:KERNEL32.dll
 0002:000021f0       _GetSystemTimeAsFileTime@4 004131f0 f   kernel32:KERNEL32.dll
 0002:000021f6       _FatalAppExitA@8           004131f6 f   kernel32:KERNEL32.dll
 0002:000021fc       _RaiseException@16         004131fc f   kernel32:KERNEL32.dll
 0002:00002202       _DebugBreak@0              00413202 f   kernel32:KERNEL32.dll
 0002:00002208       _WideCharToMultiByte@32    00413208 f   kernel32:KERNEL32.dll
 0002:0000220e       _IsDebuggerPresent@0       0041320e f   kernel32:KERNEL32.dll
 0002:00002214       _MultiByteToWideChar@24    00413214 f   kernel32:KERNEL32.dll
 0002:0000221a       _lstrlenA@4                0041321a f   kernel32:KERNEL32.dll
 0002:00002220       _GetProcAddress@8          00413220 f   kernel32:KERNEL32.dll
 0002:00002226       _LoadLibraryA@4            00413226 f   kernel32:KERNEL32.dll
 0002:0000222c       _HeapFree@12               0041322c f   kernel32:KERNEL32.dll
 0002:00002232       _HeapAlloc@12              00413232 f   kernel32:KERNEL32.dll
 0002:00002238       _GetProcessHeap@0          00413238 f   kernel32:KERNEL32.dll
 0002:0000223e       _GetModuleFileNameW@12     0041323e f   kernel32:KERNEL32.dll
 0002:00002244       _VirtualQuery@12           00413244 f   kernel32:KERNEL32.dll
 0002:0000224a       _FreeLibrary@4             0041324a f   kernel32:KERNEL32.dll
 0002:00002250       _TerminateProcess@8        00413250 f   kernel32:KERNEL32.dll
 0002:00002256       _GetCurrentProcess@0       00413256 f   kernel32:KERNEL32.dll
 0002:0000225c       _UnhandledExceptionFilter@4 0041325c f   kernel32:KERNEL32.dll
 0002:00002262       _SetUnhandledExceptionFilter@4 00413262 f   kernel32:KERNEL32.dll
 0003:00000000       ___xc_a                    00415000     MSVCRTD:cinitexe.obj
 0003:00000208       ___xc_z                    00415208     MSVCRTD:cinitexe.obj
 0003:0000030c       ___xi_a                    0041530c     MSVCRTD:cinitexe.obj
 0003:00000514       ___xi_z                    00415514     MSVCRTD:cinitexe.obj
 0003:0000063c       ??_C@_0P@GHFPNOJB@bad?5allocation?$AA@ 0041563c     test.obj
 0003:00000650       ?collate@?$_Locbase@H@std@@2HB 00415650     test.obj
 0003:00000654       ?ctype@?$_Locbase@H@std@@2HB 00415654     test.obj
 0003:00000658       ?monetary@?$_Locbase@H@std@@2HB 00415658     test.obj
 0003:0000065c       ?numeric@?$_Locbase@H@std@@2HB 0041565c     test.obj
 0003:00000660       ?time@?$_Locbase@H@std@@2HB 00415660     test.obj
 0003:00000664       ?messages@?$_Locbase@H@std@@2HB 00415664     test.obj
 0003:00000668       ?all@?$_Locbase@H@std@@2HB 00415668     test.obj
 0003:0000066c       ?none@?$_Locbase@H@std@@2HB 0041566c     test.obj
 0003:00000670       ?skipws@?$_Iosb@H@std@@2W4_Fmtflags@12@B 00415670     test.obj
 0003:00000674       ?unitbuf@?$_Iosb@H@std@@2W4_Fmtflags@12@B 00415674     test.obj
 0003:00000678       ?uppercase@?$_Iosb@H@std@@2W4_Fmtflags@12@B 00415678     test.obj
 0003:0000067c       ?showbase@?$_Iosb@H@std@@2W4_Fmtflags@12@B 0041567c     test.obj
 0003:00000680       ?showpoint@?$_Iosb@H@std@@2W4_Fmtflags@12@B 00415680     test.obj
 0003:00000684       ?showpos@?$_Iosb@H@std@@2W4_Fmtflags@12@B 00415684     test.obj
 0003:00000688       ?left@?$_Iosb@H@std@@2W4_Fmtflags@12@B 00415688     test.obj
 0003:0000068c       ?right@?$_Iosb@H@std@@2W4_Fmtflags@12@B 0041568c     test.obj
 0003:00000690       ?internal@?$_Iosb@H@std@@2W4_Fmtflags@12@B 00415690     test.obj
 0003:00000694       ?dec@?$_Iosb@H@std@@2W4_Fmtflags@12@B 00415694     test.obj
 0003:00000698       ?oct@?$_Iosb@H@std@@2W4_Fmtflags@12@B 00415698     test.obj
 0003:0000069c       ?hex@?$_Iosb@H@std@@2W4_Fmtflags@12@B 0041569c     test.obj
 0003:000006a0       ?scientific@?$_Iosb@H@std@@2W4_Fmtflags@12@B 004156a0     test.obj
 0003:000006a4       ?fixed@?$_Iosb@H@std@@2W4_Fmtflags@12@B 004156a4     test.obj
 0003:000006a8       ?boolalpha@?$_Iosb@H@std@@2W4_Fmtflags@12@B 004156a8     test.obj
 0003:000006ac       ?_Stdio@?$_Iosb@H@std@@2W4_Fmtflags@12@B 004156ac     test.obj
 0003:000006b0       ?adjustfield@?$_Iosb@H@std@@2W4_Fmtflags@12@B 004156b0     test.obj
 0003:000006b4       ?basefield@?$_Iosb@H@std@@2W4_Fmtflags@12@B 004156b4     test.obj
 0003:000006b8       ?floatfield@?$_Iosb@H@std@@2W4_Fmtflags@12@B 004156b8     test.obj
 0003:000006bc       ?goodbit@?$_Iosb@H@std@@2W4_Iostate@12@B 004156bc     test.obj
 0003:000006c0       ?eofbit@?$_Iosb@H@std@@2W4_Iostate@12@B 004156c0     test.obj
 0003:000006c4       ?failbit@?$_Iosb@H@std@@2W4_Iostate@12@B 004156c4     test.obj
 0003:000006c8       ?badbit@?$_Iosb@H@std@@2W4_Iostate@12@B 004156c8     test.obj
 0003:000006cc       ?_Hardfail@?$_Iosb@H@std@@2W4_Iostate@12@B 004156cc     test.obj
 0003:000006d0       ?in@?$_Iosb@H@std@@2W4_Openmode@12@B 004156d0     test.obj
 0003:000006d4       ?out@?$_Iosb@H@std@@2W4_Openmode@12@B 004156d4     test.obj
 0003:000006d8       ?ate@?$_Iosb@H@std@@2W4_Openmode@12@B 004156d8     test.obj
 0003:000006dc       ?app@?$_Iosb@H@std@@2W4_Openmode@12@B 004156dc     test.obj
 0003:000006e0       ?trunc@?$_Iosb@H@std@@2W4_Openmode@12@B 004156e0     test.obj
 0003:000006e4       ?_Nocreate@?$_Iosb@H@std@@2W4_Openmode@12@B 004156e4     test.obj
 0003:000006e8       ?_Noreplace@?$_Iosb@H@std@@2W4_Openmode@12@B 004156e8     test.obj
 0003:000006ec       ?binary@?$_Iosb@H@std@@2W4_Openmode@12@B 004156ec     test.obj
 0003:000006f0       ?beg@?$_Iosb@H@std@@2W4_Seekdir@12@B 004156f0     test.obj
 0003:000006f4       ?cur@?$_Iosb@H@std@@2W4_Seekdir@12@B 004156f4     test.obj
 0003:000006f8       ?end@?$_Iosb@H@std@@2W4_Seekdir@12@B 004156f8     test.obj
 0003:000006fc       ??_C@_1BC@OHPNMDKE@?$AAc?$AAr?$AAt?$AAe?$AAx?$AAe?$AA?4?$AAc?$AA?$AA@ 004156fc     MSVCRTD:crtexe.obj
 0003:00000718       ??_C@_1FA@DALEHHGL@?$AA_?$AA_?$AAn?$AAa?$AAt?$AAi?$AAv?$AAe?$AA_?$AAs?$AAt?$AAa?$AAr?$AAt?$AAu?$AAp?$AA_?$AAs?$AAt?$AAa?$AAt?$AAe?$AA?5?$AA?$DN?$AA?$DN?$AA?5?$AA_?$AA_?$AAi?$AAn?$AAi?$AAt@ 00415718     MSVCRTD:crtexe.obj
 0003:00000778       ??_C@_0BP@OGBCLIBO@Stack?5around?5_alloca?5corrupted?$AA@ 00415778     MSVCRTD:userapi.obj
 0003:000007a0       ??_C@_0CK@CNLNOEPB@Local?5variable?5used?5before?5initi@ 004157a0     MSVCRTD:userapi.obj
 0003:000007d4       ??_C@_0BI@CIGMDCBH@Stack?5memory?5corruption?$AA@ 004157d4     MSVCRTD:userapi.obj
 0003:000007f0       ??_C@_0CK@FEGOIOPB@Cast?5to?5smaller?5type?5causing?5los@ 004157f0     MSVCRTD:userapi.obj
 0003:00000824       ??_C@_0BJ@HEGAHDFO@Stack?5pointer?5corruption?$AA@ 00415824     MSVCRTD:userapi.obj
 0003:00000848       ??_C@_1GE@KOCFNGPB@?$AA_?$AAc?$AAo?$AAn?$AAt?$AAr?$AAo?$AAl?$AAf?$AAp?$AA_?$AAs?$AA?$CI?$AA?$CI?$AA?$CI?$AAv?$AAo?$AAi?$AAd?$AA?5?$AA?$CK?$AA?$CJ?$AA0?$AA?$CJ?$AA?0?$AA?5?$AA0?$AAx?$AA0?$AA0?$AA0?$AA1@ 00415848     MSVCRTD:fp8.obj
 0003:000008c0       ??_C@_1CK@JMKHCBEI@?$AA_?$AAs?$AAe?$AAt?$AAd?$AAe?$AAf?$AAa?$AAu?$AAl?$AAt?$AAp?$AAr?$AAe?$AAc?$AAi?$AAs?$AAi?$AAo?$AAn?$AA?$AA@ 004158c0     MSVCRTD:fp8.obj
 0003:000008f4       ??_C@_1BI@DMMHIADH@?$AAi?$AAn?$AAt?$AAe?$AAl?$AA?2?$AAf?$AAp?$AA8?$AA?4?$AAc?$AA?$AA@ 004158f4     MSVCRTD:fp8.obj
 0003:00000910       ?ProcessDetach@NativeDll@<CrtImplementationDetails>@@0IB 00415910     MSVCRTD:initsect.obj
 0003:00000914       ?ProcessAttach@NativeDll@<CrtImplementationDetails>@@0IB 00415914     MSVCRTD:initsect.obj
 0003:00000918       ?ThreadAttach@NativeDll@<CrtImplementationDetails>@@0IB 00415918     MSVCRTD:initsect.obj
 0003:0000091c       ?ThreadDetach@NativeDll@<CrtImplementationDetails>@@0IB 0041591c     MSVCRTD:initsect.obj
 0003:00000920       ?ProcessVerifier@NativeDll@<CrtImplementationDetails>@@0IB 00415920     MSVCRTD:initsect.obj
 0003:00000928       ??_C@_0OH@IHEJDJAH@Microsoft?5Visual?5C?$CL?$CL?5Runtime?5Lib@ 00415928     MSVCRTD:gs_support.obj
 0003:00000a40       ??_C@_0BO@GNIAFIKK@Unknown?5Runtime?5Check?5Error?6?$AN?$AA@ 00415a40     MSVCRTD:error.obj
 0003:00000a64       ??_C@_0CM@NGINOKPC@Stack?5memory?5around?5_alloca?5was?5@ 00415a64     MSVCRTD:error.obj
 0003:00000a98       ??_C@_0DG@HKJMLLLP@A?5local?5variable?5was?5used?5before@ 00415a98     MSVCRTD:error.obj
 0003:00000ad8       ??_C@_0BN@FFOINMNJ@Stack?5memory?5was?5corrupted?6?$AN?$AA@ 00415ad8     MSVCRTD:error.obj
 0003:00000b00       ??_C@_0BBN@GPMLNJCF@A?5cast?5to?5a?5smaller?5data?5type?5ha@ 00415b00     MSVCRTD:error.obj
 0003:00000c58       ??_C@_0NN@NGPKDKPD@The?5value?5of?5ESP?5was?5not?5properl@ 00415c58     MSVCRTD:error.obj
 0003:00000dfc       ??_C@_0CA@IODNCDPG@Run?9Time?5Check?5Failure?5?$CD?$CFd?5?9?5?$CFs?$AA@ 00415dfc     MSVCRTD:error.obj
 0003:00000e24       ??_C@_0BE@GNBOBNCK@Unknown?5Module?5Name?$AA@ 00415e24     MSVCRTD:error.obj
 0003:00000e3c       ??_C@_0BB@PFFGGCJP@Unknown?5Filename?$AA@ 00415e3c     MSVCRTD:error.obj
 0003:00000e50       ??_C@_1EA@NFKNIFJP@?$AAR?$AAu?$AAn?$AA?9?$AAT?$AAi?$AAm?$AAe?$AA?5?$AAC?$AAh?$AAe?$AAc?$AAk?$AA?5?$AAF?$AAa?$AAi?$AAl?$AAu?$AAr?$AAe?$AA?5?$AA?$CD?$AA?$CF?$AAd?$AA?5?$AA?9?$AA?5?$AA?$CF?$AAs?$AA?$AA@ 00415e50     MSVCRTD:error.obj
 0003:00000ea0       ??_C@_1GM@OLMCBDMB@?$AAR?$AAu?$AAn?$AAt?$AAi?$AAm?$AAe?$AA?5?$AAC?$AAh?$AAe?$AAc?$AAk?$AA?5?$AAE?$AAr?$AAr?$AAo?$AAr?$AA?4?$AA?6?$AA?$AN?$AA?5?$AAU?$AAn?$AAa?$AAb?$AAl?$AAe?$AA?5?$AAt?$AAo@ 00415ea0     MSVCRTD:error.obj
 0003:00000f24       ??_C@_0CG@IAFNJNEE@Stack?5corrupted?5near?5unknown?5var@ 00415f24     MSVCRTD:error.obj
 0003:00000f58       ??_C@_0EJ@LJKNEOLN@Stack?5area?5around?5_alloca?5memory@ 00415f58     MSVCRTD:error.obj
 0003:00000fb0       ??_C@_08KJEDNCKC@?$CFs?$CFs?$CFs?$CFs?$AA@ 00415fb0     MSVCRTD:error.obj
 0003:00000fbc       ??_C@_02LLMPMKNF@?$DO?5?$AA@ 00415fbc     MSVCRTD:error.obj
 0003:00000fc0       ??_C@_01EEMJAFIK@?6?$AA@   00415fc0     MSVCRTD:error.obj
 0003:00000fc4       ??_C@_0BC@KIBAILCI@?$CFs?$CFs?$CFp?$CFs?$CFld?$CFs?$CFd?$CFs?$AA@ 00415fc4     MSVCRTD:error.obj
 0003:00000fe0       ??_C@_0EI@CLEPFNGI@Stack?5area?5around?5_alloca?5memory@ 00415fe0     MSVCRTD:error.obj
 0003:00001038       ??_C@_0N@MHFFIMFG@?6Address?3?50x?$AA@ 00416038     MSVCRTD:error.obj
 0003:00001048       ??_C@_07DFDJCKFN@?6Size?3?5?$AA@ 00416048     MSVCRTD:error.obj
 0003:00001054       ??_C@_0CK@DKGBICFE@?6Allocation?5number?5within?5this?5f@ 00416054     MSVCRTD:error.obj
 0003:00001088       ??_C@_08OMAHNMHJ@?6Data?3?5?$DM?$AA@ 00416088     MSVCRTD:error.obj
 0003:00001094       ??_C@_09FOPFMPEJ@wsprintfA?$AA@ 00416094     MSVCRTD:error.obj
 0003:000010a0       ??_C@_0L@GMPLCCII@user32?4dll?$AA@ 004160a0     MSVCRTD:error.obj
 0003:000010b0       ??_C@_05MKKEDADM@?$CF?42X?5?$AA@ 004160b0     MSVCRTD:error.obj
 0003:000010b8       ??_C@_0DA@BEGFPCGG@A?5variable?5is?5being?5used?5without@ 004160b8     MSVCRTD:error.obj
 0003:000010f4       ??_C@_0M@EKFFODEC@MSPDB80?4DLL?$AA@ 004160f4     MSVCRTD:pdblkup.obj
 0003:00001104       ??_C@_01KDCPPGHE@r?$AA@    00416104     MSVCRTD:pdblkup.obj
 0003:00001108       ??_C@_0BB@KCIACLNC@PDBOpenValidate5?$AA@ 00416108     MSVCRTD:pdblkup.obj
 0003:0000111c       ??_C@_0BF@BMIHBHCA@EnvironmentDirectory?$AA@ 0041611c     MSVCRTD:pdblkup.obj
 0003:00001138       ??_C@_0CN@EAEOKKOC@SOFTWARE?2Microsoft?2VisualStudio?2@ 00416138     MSVCRTD:pdblkup.obj
 0003:00001170       ??_C@_0M@HLOHPNFA@RegCloseKey?$AA@ 00416170     MSVCRTD:pdblkup.obj
 0003:00001180       ??_C@_0BB@HHEIPGME@RegQueryValueExA?$AA@ 00416180     MSVCRTD:pdblkup.obj
 0003:00001194       ??_C@_0O@DCOGKJGG@RegOpenKeyExA?$AA@ 00416194     MSVCRTD:pdblkup.obj
 0003:000011a4       ??_C@_0N@JJPEKNFO@ADVAPI32?4DLL?$AA@ 004161a4     MSVCRTD:pdblkup.obj
 0003:000014a8       ___rtc_iaa                 004164a8     MSVCRTD:initsect.obj
 0003:000016b0       ___rtc_izz                 004166b0     MSVCRTD:initsect.obj
 0003:000017b4       ___rtc_taa                 004167b4     MSVCRTD:initsect.obj
 0003:000019bc       ___rtc_tzz                 004169bc     MSVCRTD:initsect.obj
 0004:0000001c       ___globallocalestatus      0041701c     MSVCRTD:xthdloc.obj
 0004:00000020       ___defaultmatherr          00417020     MSVCRTD:merr.obj
 0004:00000024       ___native_dllmain_reason   00417024     MSVCRTD:natstart.obj
 0004:00000028       ___native_vcclrit_reason   00417028     MSVCRTD:natstart.obj
 0004:00000030       ___security_cookie         00417030     MSVCRTD:gs_cookie.obj
 0004:00000034       ___security_cookie_complement 00417034     MSVCRTD:gs_cookie.obj
 0004:00000038       ?_RTC_ErrorLevels@@3PAHA   00417038     MSVCRTD:error.obj
 0004:000001b0       __commode                  004171b0     MSVCRTD:xncommod.obj
 0004:000001b4       __fmode                    004171b4     MSVCRTD:xtxtmode.obj
 0004:000001b8       __dowildcard               004171b8     MSVCRTD:wildcard.obj
 0004:000001bc       __newmode                  004171bc     MSVCRTD:_newmode.obj
 0004:000001c0       ?wsprintffp@@3P6AHPADPBDZZA 004171c0     MSVCRTD:error.obj
 0004:00000594       ___native_startup_state    00417594     <common>
 0004:000005a4       ___native_startup_lock     004175a4     <common>
 0004:000005a8       ___onexitend               004175a8     <common>
 0004:000005b8       ___onexitbegin             004175b8     <common>
 0004:000005bc       __adjust_fdiv              004175bc     <common>
 0004:000005c8       ___dyn_tls_init_callback   004175c8     <common>
 0005:00000000       __IMPORT_DESCRIPTOR_MSVCR80D 00418000     MSVCRTD:MSVCR80D.dll
 0005:00000014       __IMPORT_DESCRIPTOR_KERNEL32 00418014     kernel32:KERNEL32.dll
 0005:00000028       __NULL_IMPORT_DESCRIPTOR   00418028     MSVCRTD:MSVCR80D.dll
 0005:00000198       __imp__UnhandledExceptionFilter@4 00418198     kernel32:KERNEL32.dll
 0005:0000019c       __imp__GetCurrentProcess@0 0041819c     kernel32:KERNEL32.dll
 0005:000001a0       __imp__TerminateProcess@8  004181a0     kernel32:KERNEL32.dll
 0005:000001a4       __imp__FreeLibrary@4       004181a4     kernel32:KERNEL32.dll
 0005:000001a8       __imp__VirtualQuery@12     004181a8     kernel32:KERNEL32.dll
 0005:000001ac       __imp__GetModuleFileNameW@12 004181ac     kernel32:KERNEL32.dll
 0005:000001b0       __imp__GetProcessHeap@0    004181b0     kernel32:KERNEL32.dll
 0005:000001b4       __imp__HeapAlloc@12        004181b4     kernel32:KERNEL32.dll
 0005:000001b8       __imp__HeapFree@12         004181b8     kernel32:KERNEL32.dll
 0005:000001bc       __imp__LoadLibraryA@4      004181bc     kernel32:KERNEL32.dll
 0005:000001c0       __imp__GetProcAddress@8    004181c0     kernel32:KERNEL32.dll
 0005:000001c4       __imp__lstrlenA@4          004181c4     kernel32:KERNEL32.dll
 0005:000001c8       __imp__MultiByteToWideChar@24 004181c8     kernel32:KERNEL32.dll
 0005:000001cc       __imp__IsDebuggerPresent@0 004181cc     kernel32:KERNEL32.dll
 0005:000001d0       __imp__WideCharToMultiByte@32 004181d0     kernel32:KERNEL32.dll
 0005:000001d4       __imp__DebugBreak@0        004181d4     kernel32:KERNEL32.dll
 0005:000001d8       __imp__RaiseException@16   004181d8     kernel32:KERNEL32.dll
 0005:000001dc       __imp__FatalAppExitA@8     004181dc     kernel32:KERNEL32.dll
 0005:000001e0       __imp__GetSystemTimeAsFileTime@4 004181e0     kernel32:KERNEL32.dll
 0005:000001e4       __imp__GetCurrentProcessId@0 004181e4     kernel32:KERNEL32.dll
 0005:000001e8       __imp__GetCurrentThreadId@0 004181e8     kernel32:KERNEL32.dll
 0005:000001ec       __imp__GetTickCount@0      004181ec     kernel32:KERNEL32.dll
 0005:000001f0       __imp__QueryPerformanceCounter@4 004181f0     kernel32:KERNEL32.dll
 0005:000001f4       __imp__InterlockedCompareExchange@12 004181f4     kernel32:KERNEL32.dll
 0005:000001f8       __imp__Sleep@4             004181f8     kernel32:KERNEL32.dll
 0005:000001fc       __imp__InterlockedExchange@8 004181fc     kernel32:KERNEL32.dll
 0005:00000200       __imp__SetUnhandledExceptionFilter@4 00418200     kernel32:KERNEL32.dll
 0005:00000204       \177KERNEL32_NULL_THUNK_DATA 00418204     kernel32:KERNEL32.dll
 0005:00000244       __imp___except_handler4_common 00418244     MSVCRTD:MSVCR80D.dll
 0005:00000248       __imp___decode_pointer     00418248     MSVCRTD:MSVCR80D.dll
 0005:0000024c       __imp___onexit             0041824c     MSVCRTD:MSVCR80D.dll
 0005:00000250       __imp___lock               00418250     MSVCRTD:MSVCR80D.dll
 0005:00000254       __imp____dllonexit         00418254     MSVCRTD:MSVCR80D.dll
 0005:00000258       __imp___unlock             00418258     MSVCRTD:MSVCR80D.dll
 0005:0000025c       __imp___invoke_watson      0041825c     MSVCRTD:MSVCR80D.dll
 0005:00000260       __imp___controlfp_s        00418260     MSVCRTD:MSVCR80D.dll
 0005:00000264       __imp___initterm_e         00418264     MSVCRTD:MSVCR80D.dll
 0005:00000268       __imp___initterm           00418268     MSVCRTD:MSVCR80D.dll
 0005:0000026c       __imp___CrtDbgReportW      0041826c     MSVCRTD:MSVCR80D.dll
 0005:00000270       __imp___CrtSetCheckCount   00418270     MSVCRTD:MSVCR80D.dll
 0005:00000274       __imp____initenv           00418274     MSVCRTD:MSVCR80D.dll
 0005:00000278       __imp__exit                00418278     MSVCRTD:MSVCR80D.dll
 0005:0000027c       __imp___cexit              0041827c     MSVCRTD:MSVCR80D.dll
 0005:00000280       __imp___XcptFilter         00418280     MSVCRTD:MSVCR80D.dll
 0005:00000284       __imp___exit               00418284     MSVCRTD:MSVCR80D.dll
 0005:00000288       __imp____getmainargs       00418288     MSVCRTD:MSVCR80D.dll
 0005:0000028c       __imp___amsg_exit          0041828c     MSVCRTD:MSVCR80D.dll
 0005:00000290       __imp____set_app_type      00418290     MSVCRTD:MSVCR80D.dll
 0005:00000294       __imp___encode_pointer     00418294     MSVCRTD:MSVCR80D.dll
 0005:00000298       __imp____p__fmode          00418298     MSVCRTD:MSVCR80D.dll
 0005:0000029c       __imp____p__commode        0041829c     MSVCRTD:MSVCR80D.dll
 0005:000002a0       __imp___adjust_fdiv        004182a0     MSVCRTD:MSVCR80D.dll
 0005:000002a4       __imp____setusermatherr    004182a4     MSVCRTD:MSVCR80D.dll
 0005:000002a8       __imp___configthreadlocale 004182a8     MSVCRTD:MSVCR80D.dll
 0005:000002ac       __imp___crt_debugger_hook  004182ac     MSVCRTD:MSVCR80D.dll
 0005:000002b0       __imp___CRT_RTC_INITW      004182b0     MSVCRTD:MSVCR80D.dll
 0005:000002b4       \177MSVCR80D_NULL_THUNK_DATA 004182b4     MSVCRTD:MSVCR80D.dll

 entry point at        0002:00000104

